Resolving dependencies...
Downloading packages...
  _flutterfire_internals 1.3.35 (1.3.68 available)
  async 2.13.0 (2.13.1 available)
  audioplayers 6.5.1 (6.6.0 available)
  audioplayers_darwin 6.3.0 (6.4.0 available)
  audioplayers_web 5.1.1 (5.2.0 available)
  audioplayers_windows 4.2.1 (4.3.0 available)
  characters 1.4.0 (1.4.1 available)
  cupertino_icons 1.0.8 (1.0.9 available)
  device_info_plus 11.5.0 (12.4.0 available)
  equatable 2.0.7 (2.0.8 available)
  ffi 2.1.4 (2.2.0 available)
  firebase_analytics 10.10.7 (12.2.0 available)
  firebase_analytics_platform_interface 3.10.8 (5.1.0 available)
  firebase_analytics_web 0.5.7+7 (0.6.1+4 available)
  firebase_core 2.32.0 (4.6.0 available)
  firebase_core_platform_interface 5.4.2 (6.0.3 available)
  firebase_core_web 2.24.0 (3.5.1 available)
  firebase_crashlytics 3.5.7 (5.1.0 available)
  firebase_crashlytics_platform_interface 3.6.35 (3.8.19 available)
  firebase_remote_config 4.4.7 (6.3.0 available)
  firebase_remote_config_platform_interface 1.4.35 (2.1.1 available)
  firebase_remote_config_web 1.6.7 (1.10.5 available)
  flame 1.34.0 (1.36.0 available)
  flame_audio 2.11.12 (2.12.0 available)
  flame_spine 0.3.0+1 (0.3.0+4 available)
  flutter_lints 3.0.2 (6.0.0 available)
  get_it 9.2.0 (9.2.1 available)
  google_mobile_ads 5.3.1 (7.0.0 available)
  injectable 2.6.0 (2.7.1+4 available)
  js 0.6.7 (0.7.2 available)
  json_annotation 4.9.0 (4.11.0 available)
  lints 3.0.0 (6.1.0 available)
  matcher 0.12.17 (0.12.19 available)
  material_color_utilities 0.11.1 (0.13.0 available)
  meta 1.17.0 (1.18.2 available)
  path_provider_android 2.2.22 (2.2.23 available)
  path_provider_foundation 2.5.1 (2.6.0 available)
  shared_preferences 2.5.4 (2.5.5 available)
  shared_preferences_android 2.4.18 (2.4.23 available)
  shared_preferences_platform_interface 2.4.1 (2.4.2 available)
  source_span 1.10.1 (1.10.2 available)
  test_api 0.7.7 (0.7.11 available)
  universal_ffi 1.1.3 (1.5.0 available)
  uuid 4.5.2 (4.5.3 available)
  vector_math 2.2.0 (2.3.0 available)
  wasm_ffi 2.0.7 (2.3.0 available)
  webview_flutter 4.13.0 (4.13.1 available)
  webview_flutter_android 4.10.11 (4.10.15 available)
  webview_flutter_platform_interface 2.14.0 (2.15.1 available)
  webview_flutter_wkwebview 3.23.5 (3.24.2 available)
  win32 5.15.0 (6.0.0 available)
  win32_registry 2.1.0 (3.0.2 available)
Got dependencies!
52 packages have newer versions incompatible with dependency constraints.
Try `flutter pub outdated` for more information.
[!] Your app isn't using AndroidX.
    To avoid potential build failures, you can quickly migrate your app by following the steps on https://docs.flutter.dev/release/breaking-changes/androidx-migration .
Running Gradle task 'assembleDebug'...                          
lib/main.dart:539:7: Error: Expected a declaration, but got '...'.
      ...List.generate(20, (i) => GachaItem(
      ^^^
lib/main.dart:539:10: Error: A function declaration needs an explicit list of parameters.
Try adding a parameter list to the function declaration.
      ...List.generate(20, (i) => GachaItem(
         ^^^^
lib/main.dart:539:14: Error: Expected '{' before this.
      ...List.generate(20, (i) => GachaItem(
             ^
lib/main.dart:539:14: Error: Expected a declaration, but got '.'.
      ...List.generate(20, (i) => GachaItem(
             ^
lib/main.dart:539:24: Error: Expected an identifier, but got '20'.
Try inserting an identifier before '20'.
      ...List.generate(20, (i) => GachaItem(
                       ^^
lib/main.dart:539:28: Error: Expected an identifier, but got '('.
Try inserting an identifier before '('.
      ...List.generate(20, (i) => GachaItem(
                           ^
lib/main.dart:539:32: Error: Expected ')' before this.
      ...List.generate(20, (i) => GachaItem(
                               ^^
lib/main.dart:543:9: Error: Expected '{' before this.
      )),
        ^
lib/main.dart:543:9: Error: Expected a declaration, but got ','.
      )),
        ^
lib/main.dart:546:7: Error: Expected a declaration, but got '...'.
      ...List.generate(10, (i) => GachaItem(
      ^^^
lib/main.dart:546:10: Error: A function declaration needs an explicit list of parameters.
Try adding a parameter list to the function declaration.
      ...List.generate(10, (i) => GachaItem(
         ^^^^
lib/main.dart:546:14: Error: Expected '{' before this.
      ...List.generate(10, (i) => GachaItem(
             ^
lib/main.dart:546:14: Error: Expected a declaration, but got '.'.
      ...List.generate(10, (i) => GachaItem(
             ^
lib/main.dart:546:24: Error: Expected an identifier, but got '10'.
Try inserting an identifier before '10'.
      ...List.generate(10, (i) => GachaItem(
                       ^^
lib/main.dart:546:28: Error: Expected an identifier, but got '('.
Try inserting an identifier before '('.
      ...List.generate(10, (i) => GachaItem(
                           ^
lib/main.dart:546:32: Error: Expected ')' before this.
      ...List.generate(10, (i) => GachaItem(
                               ^^
lib/main.dart:550:9: Error: Expected '{' before this.
      )),
        ^
lib/main.dart:550:9: Error: Expected a declaration, but got ','.
      )),
        ^
lib/main.dart:553:7: Error: Expected a declaration, but got '...'.
      ...List.generate(5, (i) => GachaItem(
      ^^^
lib/main.dart:553:10: Error: A function declaration needs an explicit list of parameters.
Try adding a parameter list to the function declaration.
      ...List.generate(5, (i) => GachaItem(
         ^^^^
lib/main.dart:553:14: Error: Expected '{' before this.
      ...List.generate(5, (i) => GachaItem(
             ^
lib/main.dart:553:14: Error: Expected a declaration, but got '.'.
      ...List.generate(5, (i) => GachaItem(
             ^
lib/main.dart:553:24: Error: Expected an identifier, but got '5'.
Try inserting an identifier before '5'.
      ...List.generate(5, (i) => GachaItem(
                       ^
lib/main.dart:553:27: Error: Expected an identifier, but got '('.
Try inserting an identifier before '('.
      ...List.generate(5, (i) => GachaItem(
                          ^
lib/main.dart:553:31: Error: Expected ')' before this.
      ...List.generate(5, (i) => GachaItem(
                              ^^
lib/main.dart:557:9: Error: Expected '{' before this.
      )),
        ^
lib/main.dart:557:9: Error: Expected a declaration, but got ','.
      )),
        ^
lib/main.dart:560:7: Error: Can't have modifier 'const' here.
Try removing 'const'.
      const GachaItem(
      ^^^^^
lib/main.dart:561:11: Error: Non-optional parameters can't have a default value.
Try removing the default value or making the parameter optional.
        id: 'ssr_item_1',
          ^
lib/main.dart:562:15: Error: Non-optional parameters can't have a default value.
Try removing the default value or making the parameter optional.
        nameKr: '울트라레어 아이템 1',
              ^
lib/main.dart:563:15: Error: Non-optional parameters can't have a default value.
Try removing the default value or making the parameter optional.
        rarity: GachaRarity.ultraRare,
              ^
lib/main.dart:564:8: Error: Expected '{' before this.
      ),
       ^
lib/main.dart:564:8: Error: Expected a declaration, but got ','.
      ),
       ^
lib/main.dart:567:7: Error: Can't have modifier 'const' here.
Try removing 'const'.
      const GachaItem(
      ^^^^^
lib/main.dart:568:11: Error: Non-optional parameters can't have a default value.
Try removing the default value or making the parameter optional.
        id: 'ur_item_1',
          ^
lib/main.dart:569:15: Error: Non-optional parameters can't have a default value.
Try removing the default value or making the parameter optional.
        nameKr: '레전더리 아이템 1',
              ^
lib/main.dart:570:15: Error: Non-optional parameters can't have a default value.
Try removing the default value or making the parameter optional.
        rarity: GachaRarity.legendary,
              ^
lib/main.dart:571:8: Error: Expected '{' before this.
      ),
       ^
lib/main.dart:571:8: Error: Expected a declaration, but got ','.
      ),
       ^
lib/main.dart:572:5: Error: Expected a declaration, but got ']'.
    ],
    ^
lib/main.dart:572:6: Error: Expected a declaration, but got ','.
    ],
     ^
lib/main.dart:573:3: Error: Expected a declaration, but got ')'.
  ));
  ^
lib/main.dart:573:4: Error: Expected a declaration, but got ')'.
  ));
   ^
lib/main.dart:573:5: Error: Unexpected token ';'.
  ));
    ^
lib/main.dart:574:1: Error: Expected a declaration, but got '}'.
}
^
lib/screens/colony_screen.dart:15:69: Error: Error when reading '../libs/mg_common_game/lib/l10n/localization.dart': 지정된 경로를 찾을 수 없습니다.

import 'package:mg_common_game/core/ui/theme/mg_colors.dart';import 'package:mg_common_game/l10n/localization.dart';
                                                                    ^
lib/ui/resource_view.dart:6:69: Error: Error when reading '../libs/mg_common_game/lib/l10n/localization.dart': 지정된 경로를 찾을 수 없습니다.

import 'package:mg_common_game/core/ui/theme/mg_colors.dart';import 'package:mg_common_game/l10n/localization.dart';
                                                                    ^
lib/screens/research_screen.dart:6:69: Error: Error when reading '../libs/mg_common_game/lib/l10n/localization.dart': 지정된 경로를 찾을 수 없습니다.

import 'package:mg_common_game/core/ui/theme/mg_colors.dart';import 'package:mg_common_game/l10n/localization.dart';
                                                                    ^
lib/main.dart:546:10: Error: 'List' is already declared in this scope.
      ...List.generate(10, (i) => GachaItem(
         ^^^^
lib/main.dart:539:10: Context: Previous declaration of 'List'.
      ...List.generate(20, (i) => GachaItem(
         ^^^^
lib/main.dart:553:10: Error: 'List' is already declared in this scope.
      ...List.generate(5, (i) => GachaItem(
         ^^^^
lib/main.dart:539:10: Context: Previous declaration of 'List'.
      ...List.generate(20, (i) => GachaItem(
         ^^^^
lib/main.dart:546:15: Error: 'generate' is already declared in this scope.
      ...List.generate(10, (i) => GachaItem(
              ^^^^^^^^
lib/main.dart:539:15: Context: Previous declaration of 'generate'.
      ...List.generate(20, (i) => GachaItem(
              ^^^^^^^^
lib/main.dart:553:15: Error: 'generate' is already declared in this scope.
      ...List.generate(5, (i) => GachaItem(
              ^^^^^^^^
lib/main.dart:539:15: Context: Previous declaration of 'generate'.
      ...List.generate(20, (i) => GachaItem(
              ^^^^^^^^
lib/main.dart:567:13: Error: 'GachaItem' is already declared in this scope.
      const GachaItem(
            ^^^^^^^^^
lib/main.dart:560:13: Context: Previous declaration of 'GachaItem'.
      const GachaItem(
            ^^^^^^^^^
lib/screens/colony_screen.dart:182:46: Error: Member not found: 'xsMd'.
            const SizedBox(height: MGSpacing.xsMd),
                                             ^^^^
lib/screens/colony_screen.dart:177:48: Error: Constant evaluation error:
                  messenger.showSnackBar(const SnackBar(content: Text('ui_general_game_saved'.tr)));
                                               ^
lib/screens/colony_screen.dart:177:95: Context: Extension operations can't be used in constant expressions.
                  messenger.showSnackBar(const SnackBar(content: Text('ui_general_game_saved'.tr)));
                                                                                          ^
Target kernel_snapshot_program failed: Exception


FAILURE: Build failed with an exception.

* What went wrong:
Execution failed for task ':app:compileFlutterBuildDebug'.
> Process 'command 'C:\Users\USER-5\develop\flutter\bin\flutter.bat'' finished with non-zero exit value 1

* Try:
> Run with --stacktrace option to get the stack trace.
> Run with --info or --debug option to get more log output.
> Run with --scan to get full insights.
> Get more help at https://help.gradle.org.

BUILD FAILED in 44s
Running Gradle task 'assembleDebug'...                             44.8s
Gradle task assembleDebug failed with exit code 1
