#
# There is insufficient memory for the Java Runtime Environment to continue.
# Native memory allocation (malloc) failed to allocate 462256 bytes. Error detail: Chunk::new
# Possible reasons:
#   The system is out of physical RAM or swap space
#   This process is running with CompressedOops enabled, and the Java Heap may be blocking the growth of the native heap
# Possible solutions:
#   Reduce memory load on the system
#   Increase physical memory or swap space
#   Check if swap backing store is full
#   Decrease Java heap size (-Xmx/-Xms)
#   Decrease number of Java threads
#   Decrease Java thread stack sizes (-Xss)
#   Set larger code cache with -XX:ReservedCodeCacheSize=
#   JVM is running with Zero Based Compressed Oops mode in which the Java heap is
#     placed in the first 32GB address space. The Java Heap base address is the
#     maximum limit for the native heap growth. Please use -XX:HeapBaseMinAddress
#     to set the Java Heap base and to place the Java Heap above 32GB virtual address.
# This output file may be truncated or incomplete.
#
#  Out of Memory Error (arena.cpp:168), pid=25056, tid=82048
#
# JRE version: OpenJDK Runtime Environment (21.0.10) (build 21.0.10+-14961533-b1163.108)
# Java VM: OpenJDK 64-Bit Server VM (21.0.10+-14961533-b1163.108, mixed mode, tiered, compressed oops, compressed class ptrs, g1 gc, windows-amd64)
# No core dump will be written. Minidumps are not enabled by default on client versions of Windows
#

---------------  S U M M A R Y ------------

Command Line: -Dorg.gradle.appname=gradlew org.gradle.wrapper.GradleWrapperMain -q -PskipDependencyChecks=true -Ptarget-platform=android-x64 -Ptarget=C:\Users\USER-5\AppData\Local\Temp\flutter_tools.11a60b1d\flutter_test_listener.74c1f559/listener.dart -Pbase-application-name=android.app.Application -Pdart-defines=RkxVVFRFUl9WRVJTSU9OPTMuMzguNA==,RkxVVFRFUl9DSEFOTkVMPXN0YWJsZQ==,RkxVVFRFUl9HSVRfVVJMPWh0dHBzOi8vZ2l0aHViLmNvbS9mbHV0dGVyL2ZsdXR0ZXIuZ2l0,RkxVVFRFUl9GUkFNRVdPUktfUkVWSVNJT049NjZkZDkzZjlhMg==,RkxVVFRFUl9FTkdJTkVfUkVWSVNJT049YTVjYjk2MzY5ZQ==,RkxVVFRFUl9EQVJUX1ZFUlNJT049My4xMC4z,SU5URUdSQVRJT05fVEVTVF9TSE9VTERfUkVQT1JUX1JFU1VMVFNfVE9fTkFUSVZFPWZhbHNl -Pdart-obfuscation=false -Ptrack-widget-creation=true -Ptree-shake-icons=false assembleDebug

Host: AMD Ryzen 7 5800X 8-Core Processor             , 16 cores, 63G,  Windows 11 , 64 bit Build 26100 (10.0.26100.8115)
Time: Fri Apr 10 19:58:00 2026 elapsed time: 545.657852 seconds (0d 0h 9m 5s)

---------------  T H R E A D  ---------------

Current thread (0x000001dee433e690):  JavaThread "C2 CompilerThread0" daemon [_thread_in_native, id=82048, stack(0x000000093f800000,0x000000093f900000) (1024K)]


Current CompileTask:
C2:545657 2498   !   4       java.util.concurrent.ThreadPoolExecutor::getTask (177 bytes)

Stack: [0x000000093f800000,0x000000093f900000]
Native frames: (J=compiled Java code, j=interpreted, Vv=VM code, C=native code)
V  [jvm.dll+0x6d78a9]
V  [jvm.dll+0x8665b3]
V  [jvm.dll+0x868bde]
V  [jvm.dll+0x8692c3]
V  [jvm.dll+0x280ee6]
V  [jvm.dll+0xc07cd]
V  [jvm.dll+0xc0d03]
V  [jvm.dll+0x3ba091]
V  [jvm.dll+0x385df7]
V  [jvm.dll+0x38526a]
V  [jvm.dll+0x249bd2]
V  [jvm.dll+0x2491a1]
V  [jvm.dll+0x1c76e4]
V  [jvm.dll+0x25891e]
V  [jvm.dll+0x256e66]
V  [jvm.dll+0x3f513e]
V  [jvm.dll+0x80fd28]
V  [jvm.dll+0x6d60fd]
C  [ucrtbase.dll+0x37b0]
C  [KERNEL32.DLL+0x2e8d7]
C  [ntdll.dll+0x8c3fc]


---------------  P R O C E S S  ---------------

Threads class SMR info:
_java_thread_list=0x000001dee9830ea0, length=12, elements={
0x000001deba8455b0, 0x000001dee42e4c80, 0x000001dee4338670, 0x000001dee433bcc0,
0x000001dee4325f90, 0x000001dee4326600, 0x000001dee433c720, 0x000001dee433cd90,
0x000001dee433e690, 0x000001dee4342890, 0x000001dee4453d50, 0x000001dee9558640
}

Java Threads: ( => current thread )
  0x000001deba8455b0 JavaThread "main"                              [_thread_in_native, id=82080, stack(0x000000093e900000,0x000000093ea00000) (1024K)]
  0x000001dee42e4c80 JavaThread "Common-Cleaner"             daemon [_thread_blocked, id=58432, stack(0x000000093f100000,0x000000093f200000) (1024K)]
  0x000001dee4338670 JavaThread "Reference Handler"          daemon [_thread_blocked, id=70448, stack(0x000000093f200000,0x000000093f300000) (1024K)]
  0x000001dee433bcc0 JavaThread "Finalizer"                  daemon [_thread_blocked, id=68468, stack(0x000000093f300000,0x000000093f400000) (1024K)]
  0x000001dee4325f90 JavaThread "Signal Dispatcher"          daemon [_thread_blocked, id=67068, stack(0x000000093f400000,0x000000093f500000) (1024K)]
  0x000001dee4326600 JavaThread "Attach Listener"            daemon [_thread_blocked, id=43152, stack(0x000000093f500000,0x000000093f600000) (1024K)]
  0x000001dee433c720 JavaThread "Service Thread"             daemon [_thread_blocked, id=68968, stack(0x000000093f600000,0x000000093f700000) (1024K)]
  0x000001dee433cd90 JavaThread "Monitor Deflation Thread"   daemon [_thread_blocked, id=37260, stack(0x000000093f700000,0x000000093f800000) (1024K)]
=>0x000001dee433e690 JavaThread "C2 CompilerThread0"         daemon [_thread_in_native, id=82048, stack(0x000000093f800000,0x000000093f900000) (1024K)]
  0x000001dee4342890 JavaThread "C1 CompilerThread0"         daemon [_thread_blocked, id=81576, stack(0x000000093f900000,0x000000093fa00000) (1024K)]
  0x000001dee4453d50 JavaThread "Notification Thread"        daemon [_thread_blocked, id=81408, stack(0x000000093fa00000,0x000000093fb00000) (1024K)]
  0x000001dee9558640 JavaThread "pool-1-thread-1"                   [_thread_blocked, id=34556, stack(0x000000093fe00000,0x000000093ff00000) (1024K)]
Total: 12

Other Threads:
  0x000001dee429dc20 VMThread "VM Thread"                           [id=29700, stack(0x000000093f000000,0x000000093f100000) (1024K)]
  0x000001dee42519e0 WatcherThread "VM Periodic Task Thread"        [id=40920, stack(0x000000093ef00000,0x000000093f000000) (1024K)]
  0x000001dee122ff90 WorkerThread "GC Thread#0"                     [id=74804, stack(0x000000093ea00000,0x000000093eb00000) (1024K)]
  0x000001dee91d49d0 WorkerThread "GC Thread#1"                     [id=79312, stack(0x0000000940100000,0x0000000940200000) (1024K)]
  0x000001dee4efc650 WorkerThread "GC Thread#2"                     [id=60168, stack(0x0000000940200000,0x0000000940300000) (1024K)]
  0x000001dee91c42b0 WorkerThread "GC Thread#3"                     [id=53580, stack(0x0000000940300000,0x0000000940400000) (1024K)]
  0x000001dee9215730 WorkerThread "GC Thread#4"                     [id=11340, stack(0x0000000940400000,0x0000000940500000) (1024K)]
  0x000001dee4b20bc0 WorkerThread "GC Thread#5"                     [id=35604, stack(0x0000000940500000,0x0000000940600000) (1024K)]
  0x000001dee4b20f70 WorkerThread "GC Thread#6"                     [id=82152, stack(0x0000000940600000,0x0000000940700000) (1024K)]
  0x000001dee91dcdd0 WorkerThread "GC Thread#7"                     [id=51920, stack(0x0000000940700000,0x0000000940800000) (1024K)]
  0x000001dee91dd180 WorkerThread "GC Thread#8"                     [id=73020, stack(0x0000000940800000,0x0000000940900000) (1024K)]
  0x000001dee91dd530 WorkerThread "GC Thread#9"                     [id=47860, stack(0x0000000940900000,0x0000000940a00000) (1024K)]
  0x000001dee91c3020 WorkerThread "GC Thread#10"                    [id=58064, stack(0x0000000940a00000,0x0000000940b00000) (1024K)]
  0x000001dee91c33d0 WorkerThread "GC Thread#11"                    [id=58564, stack(0x0000000940b00000,0x0000000940c00000) (1024K)]
  0x000001dee91c3780 WorkerThread "GC Thread#12"                    [id=58292, stack(0x0000000940c00000,0x0000000940d00000) (1024K)]
  0x000001deba8fbbe0 ConcurrentGCThread "G1 Main Marker"            [id=59120, stack(0x000000093eb00000,0x000000093ec00000) (1024K)]
  0x000001deba8fc500 WorkerThread "G1 Conc#0"                       [id=83464, stack(0x000000093ec00000,0x000000093ed00000) (1024K)]
  0x000001dee12e3160 ConcurrentGCThread "G1 Refine#0"               [id=72356, stack(0x000000093ed00000,0x000000093ee00000) (1024K)]
  0x000001dee12e3bf0 ConcurrentGCThread "G1 Service"                [id=43396, stack(0x000000093ee00000,0x000000093ef00000) (1024K)]
Total: 19

Threads with active compile tasks:
C2 CompilerThread0  545670 2498   !   4       java.util.concurrent.ThreadPoolExecutor::getTask (177 bytes)
Total: 1

VM state: not at safepoint (normal execution)

VM Mutex/Monitor currently owned by a thread: None

Heap address: 0x0000000401000000, size: 16368 MB, Compressed Oops mode: Zero based, Oop shift amount: 3

CDS archive(s) not mapped
Compressed class space mapped at: 0x0000000800000000-0x0000000840000000, reserved size: 1073741824
Narrow klass base: 0x0000000800000000, Narrow klass shift: 0, Narrow klass range: 0x40000000

GC Precious Log:
 CardTable entry size: 512
 Card Set container configuration: InlinePtr #cards 4 size 8 Array Of Cards #cards 64 size 144 Howl #buckets 8 coarsen threshold 14745 Howl Bitmap #cards 2048 size 272 coarsen threshold 1843 Card regions per heap region 1 cards per card region 16384
 CPUs: 16 total, 16 available
 Memory: 65447M
 Large Page Support: Disabled
 NUMA Support: Disabled
 Compressed Oops: Enabled (Zero based)
 Heap Region Size: 8M
 Heap Min Capacity: 8M
 Heap Initial Capacity: 1G
 Heap Max Capacity: 16368M
 Pre-touch: Disabled
 Parallel Workers: 13
 Concurrent Workers: 3
 Concurrent Refinement Workers: 13
 Periodic GC: Disabled

Heap:
 garbage-first heap   total 1048576K, used 36538K [0x0000000401000000, 0x0000000800000000)
  region size 8192K, 5 young (40960K), 1 survivors (8192K)
 Metaspace       used 19929K, committed 20224K, reserved 1114112K
  class space    used 2337K, committed 2496K, reserved 1048576K

Heap Regions: E=young(eden), S=young(survivor), O=old, HS=humongous(starts), HC=humongous(continues), CS=collection set, F=free, TAMS=top-at-mark-start, PB=parsable bottom
|   0|0x0000000401000000, 0x000000040145b260, 0x0000000401800000| 54%| O|  |TAMS 0x0000000401000000| PB 0x0000000401000000| Untracked 
|   1|0x0000000401800000, 0x0000000401800000, 0x0000000402000000|  0%| F|  |TAMS 0x0000000401800000| PB 0x0000000401800000| Untracked 
|   2|0x0000000402000000, 0x0000000402000000, 0x0000000402800000|  0%| F|  |TAMS 0x0000000402000000| PB 0x0000000402000000| Untracked 
|   3|0x0000000402800000, 0x0000000402800000, 0x0000000403000000|  0%| F|  |TAMS 0x0000000402800000| PB 0x0000000402800000| Untracked 
|   4|0x0000000403000000, 0x0000000403000000, 0x0000000403800000|  0%| F|  |TAMS 0x0000000403000000| PB 0x0000000403000000| Untracked 
|   5|0x0000000403800000, 0x0000000403800000, 0x0000000404000000|  0%| F|  |TAMS 0x0000000403800000| PB 0x0000000403800000| Untracked 
|   6|0x0000000404000000, 0x0000000404000000, 0x0000000404800000|  0%| F|  |TAMS 0x0000000404000000| PB 0x0000000404000000| Untracked 
|   7|0x0000000404800000, 0x0000000404800000, 0x0000000405000000|  0%| F|  |TAMS 0x0000000404800000| PB 0x0000000404800000| Untracked 
|   8|0x0000000405000000, 0x0000000405000000, 0x0000000405800000|  0%| F|  |TAMS 0x0000000405000000| PB 0x0000000405000000| Untracked 
|   9|0x0000000405800000, 0x0000000405800000, 0x0000000406000000|  0%| F|  |TAMS 0x0000000405800000| PB 0x0000000405800000| Untracked 
|  10|0x0000000406000000, 0x0000000406000000, 0x0000000406800000|  0%| F|  |TAMS 0x0000000406000000| PB 0x0000000406000000| Untracked 
|  11|0x0000000406800000, 0x0000000406800000, 0x0000000407000000|  0%| F|  |TAMS 0x0000000406800000| PB 0x0000000406800000| Untracked 
|  12|0x0000000407000000, 0x0000000407000000, 0x0000000407800000|  0%| F|  |TAMS 0x0000000407000000| PB 0x0000000407000000| Untracked 
|  13|0x0000000407800000, 0x0000000407800000, 0x0000000408000000|  0%| F|  |TAMS 0x0000000407800000| PB 0x0000000407800000| Untracked 
|  14|0x0000000408000000, 0x0000000408000000, 0x0000000408800000|  0%| F|  |TAMS 0x0000000408000000| PB 0x0000000408000000| Untracked 
|  15|0x0000000408800000, 0x0000000408800000, 0x0000000409000000|  0%| F|  |TAMS 0x0000000408800000| PB 0x0000000408800000| Untracked 
|  16|0x0000000409000000, 0x0000000409000000, 0x0000000409800000|  0%| F|  |TAMS 0x0000000409000000| PB 0x0000000409000000| Untracked 
|  17|0x0000000409800000, 0x0000000409800000, 0x000000040a000000|  0%| F|  |TAMS 0x0000000409800000| PB 0x0000000409800000| Untracked 
|  18|0x000000040a000000, 0x000000040a000000, 0x000000040a800000|  0%| F|  |TAMS 0x000000040a000000| PB 0x000000040a000000| Untracked 
|  19|0x000000040a800000, 0x000000040a800000, 0x000000040b000000|  0%| F|  |TAMS 0x000000040a800000| PB 0x000000040a800000| Untracked 
|  20|0x000000040b000000, 0x000000040b000000, 0x000000040b800000|  0%| F|  |TAMS 0x000000040b000000| PB 0x000000040b000000| Untracked 
|  21|0x000000040b800000, 0x000000040b800000, 0x000000040c000000|  0%| F|  |TAMS 0x000000040b800000| PB 0x000000040b800000| Untracked 
|  22|0x000000040c000000, 0x000000040c000000, 0x000000040c800000|  0%| F|  |TAMS 0x000000040c000000| PB 0x000000040c000000| Untracked 
|  23|0x000000040c800000, 0x000000040c800000, 0x000000040d000000|  0%| F|  |TAMS 0x000000040c800000| PB 0x000000040c800000| Untracked 
|  24|0x000000040d000000, 0x000000040d000000, 0x000000040d800000|  0%| F|  |TAMS 0x000000040d000000| PB 0x000000040d000000| Untracked 
|  25|0x000000040d800000, 0x000000040d800000, 0x000000040e000000|  0%| F|  |TAMS 0x000000040d800000| PB 0x000000040d800000| Untracked 
|  26|0x000000040e000000, 0x000000040e000000, 0x000000040e800000|  0%| F|  |TAMS 0x000000040e000000| PB 0x000000040e000000| Untracked 
|  27|0x000000040e800000, 0x000000040e800000, 0x000000040f000000|  0%| F|  |TAMS 0x000000040e800000| PB 0x000000040e800000| Untracked 
|  28|0x000000040f000000, 0x000000040f000000, 0x000000040f800000|  0%| F|  |TAMS 0x000000040f000000| PB 0x000000040f000000| Untracked 
|  29|0x000000040f800000, 0x000000040f800000, 0x0000000410000000|  0%| F|  |TAMS 0x000000040f800000| PB 0x000000040f800000| Untracked 
|  30|0x0000000410000000, 0x0000000410000000, 0x0000000410800000|  0%| F|  |TAMS 0x0000000410000000| PB 0x0000000410000000| Untracked 
|  31|0x0000000410800000, 0x0000000410800000, 0x0000000411000000|  0%| F|  |TAMS 0x0000000410800000| PB 0x0000000410800000| Untracked 
|  32|0x0000000411000000, 0x0000000411000000, 0x0000000411800000|  0%| F|  |TAMS 0x0000000411000000| PB 0x0000000411000000| Untracked 
|  33|0x0000000411800000, 0x0000000411800000, 0x0000000412000000|  0%| F|  |TAMS 0x0000000411800000| PB 0x0000000411800000| Untracked 
|  34|0x0000000412000000, 0x0000000412000000, 0x0000000412800000|  0%| F|  |TAMS 0x0000000412000000| PB 0x0000000412000000| Untracked 
|  35|0x0000000412800000, 0x0000000412800000, 0x0000000413000000|  0%| F|  |TAMS 0x0000000412800000| PB 0x0000000412800000| Untracked 
|  36|0x0000000413000000, 0x0000000413000000, 0x0000000413800000|  0%| F|  |TAMS 0x0000000413000000| PB 0x0000000413000000| Untracked 
|  37|0x0000000413800000, 0x0000000413800000, 0x0000000414000000|  0%| F|  |TAMS 0x0000000413800000| PB 0x0000000413800000| Untracked 
|  38|0x0000000414000000, 0x0000000414000000, 0x0000000414800000|  0%| F|  |TAMS 0x0000000414000000| PB 0x0000000414000000| Untracked 
|  39|0x0000000414800000, 0x0000000414800000, 0x0000000415000000|  0%| F|  |TAMS 0x0000000414800000| PB 0x0000000414800000| Untracked 
|  40|0x0000000415000000, 0x0000000415000000, 0x0000000415800000|  0%| F|  |TAMS 0x0000000415000000| PB 0x0000000415000000| Untracked 
|  41|0x0000000415800000, 0x0000000415800000, 0x0000000416000000|  0%| F|  |TAMS 0x0000000415800000| PB 0x0000000415800000| Untracked 
|  42|0x0000000416000000, 0x0000000416000000, 0x0000000416800000|  0%| F|  |TAMS 0x0000000416000000| PB 0x0000000416000000| Untracked 
|  43|0x0000000416800000, 0x0000000416800000, 0x0000000417000000|  0%| F|  |TAMS 0x0000000416800000| PB 0x0000000416800000| Untracked 
|  44|0x0000000417000000, 0x0000000417000000, 0x0000000417800000|  0%| F|  |TAMS 0x0000000417000000| PB 0x0000000417000000| Untracked 
|  45|0x0000000417800000, 0x0000000417800000, 0x0000000418000000|  0%| F|  |TAMS 0x0000000417800000| PB 0x0000000417800000| Untracked 
|  46|0x0000000418000000, 0x0000000418000000, 0x0000000418800000|  0%| F|  |TAMS 0x0000000418000000| PB 0x0000000418000000| Untracked 
|  47|0x0000000418800000, 0x0000000418800000, 0x0000000419000000|  0%| F|  |TAMS 0x0000000418800000| PB 0x0000000418800000| Untracked 
|  48|0x0000000419000000, 0x0000000419000000, 0x0000000419800000|  0%| F|  |TAMS 0x0000000419000000| PB 0x0000000419000000| Untracked 
|  49|0x0000000419800000, 0x0000000419800000, 0x000000041a000000|  0%| F|  |TAMS 0x0000000419800000| PB 0x0000000419800000| Untracked 
|  50|0x000000041a000000, 0x000000041a000000, 0x000000041a800000|  0%| F|  |TAMS 0x000000041a000000| PB 0x000000041a000000| Untracked 
|  51|0x000000041a800000, 0x000000041a800000, 0x000000041b000000|  0%| F|  |TAMS 0x000000041a800000| PB 0x000000041a800000| Untracked 
|  52|0x000000041b000000, 0x000000041b000000, 0x000000041b800000|  0%| F|  |TAMS 0x000000041b000000| PB 0x000000041b000000| Untracked 
|  53|0x000000041b800000, 0x000000041b800000, 0x000000041c000000|  0%| F|  |TAMS 0x000000041b800000| PB 0x000000041b800000| Untracked 
|  54|0x000000041c000000, 0x000000041c000000, 0x000000041c800000|  0%| F|  |TAMS 0x000000041c000000| PB 0x000000041c000000| Untracked 
|  55|0x000000041c800000, 0x000000041c800000, 0x000000041d000000|  0%| F|  |TAMS 0x000000041c800000| PB 0x000000041c800000| Untracked 
|  56|0x000000041d000000, 0x000000041d000000, 0x000000041d800000|  0%| F|  |TAMS 0x000000041d000000| PB 0x000000041d000000| Untracked 
|  57|0x000000041d800000, 0x000000041d800000, 0x000000041e000000|  0%| F|  |TAMS 0x000000041d800000| PB 0x000000041d800000| Untracked 
|  58|0x000000041e000000, 0x000000041e000000, 0x000000041e800000|  0%| F|  |TAMS 0x000000041e000000| PB 0x000000041e000000| Untracked 
|  59|0x000000041e800000, 0x000000041e800000, 0x000000041f000000|  0%| F|  |TAMS 0x000000041e800000| PB 0x000000041e800000| Untracked 
|  60|0x000000041f000000, 0x000000041f000000, 0x000000041f800000|  0%| F|  |TAMS 0x000000041f000000| PB 0x000000041f000000| Untracked 
|  61|0x000000041f800000, 0x000000041f800000, 0x0000000420000000|  0%| F|  |TAMS 0x000000041f800000| PB 0x000000041f800000| Untracked 
|  62|0x0000000420000000, 0x0000000420000000, 0x0000000420800000|  0%| F|  |TAMS 0x0000000420000000| PB 0x0000000420000000| Untracked 
|  63|0x0000000420800000, 0x0000000420800000, 0x0000000421000000|  0%| F|  |TAMS 0x0000000420800000| PB 0x0000000420800000| Untracked 
|  64|0x0000000421000000, 0x0000000421000000, 0x0000000421800000|  0%| F|  |TAMS 0x0000000421000000| PB 0x0000000421000000| Untracked 
|  65|0x0000000421800000, 0x0000000421800000, 0x0000000422000000|  0%| F|  |TAMS 0x0000000421800000| PB 0x0000000421800000| Untracked 
|  66|0x0000000422000000, 0x0000000422000000, 0x0000000422800000|  0%| F|  |TAMS 0x0000000422000000| PB 0x0000000422000000| Untracked 
|  67|0x0000000422800000, 0x0000000422800000, 0x0000000423000000|  0%| F|  |TAMS 0x0000000422800000| PB 0x0000000422800000| Untracked 
|  68|0x0000000423000000, 0x0000000423000000, 0x0000000423800000|  0%| F|  |TAMS 0x0000000423000000| PB 0x0000000423000000| Untracked 
|  69|0x0000000423800000, 0x0000000423800000, 0x0000000424000000|  0%| F|  |TAMS 0x0000000423800000| PB 0x0000000423800000| Untracked 
|  70|0x0000000424000000, 0x0000000424000000, 0x0000000424800000|  0%| F|  |TAMS 0x0000000424000000| PB 0x0000000424000000| Untracked 
|  71|0x0000000424800000, 0x0000000424800000, 0x0000000425000000|  0%| F|  |TAMS 0x0000000424800000| PB 0x0000000424800000| Untracked 
|  72|0x0000000425000000, 0x0000000425000000, 0x0000000425800000|  0%| F|  |TAMS 0x0000000425000000| PB 0x0000000425000000| Untracked 
|  73|0x0000000425800000, 0x0000000425800000, 0x0000000426000000|  0%| F|  |TAMS 0x0000000425800000| PB 0x0000000425800000| Untracked 
|  74|0x0000000426000000, 0x0000000426000000, 0x0000000426800000|  0%| F|  |TAMS 0x0000000426000000| PB 0x0000000426000000| Untracked 
|  75|0x0000000426800000, 0x0000000426800000, 0x0000000427000000|  0%| F|  |TAMS 0x0000000426800000| PB 0x0000000426800000| Untracked 
|  76|0x0000000427000000, 0x0000000427000000, 0x0000000427800000|  0%| F|  |TAMS 0x0000000427000000| PB 0x0000000427000000| Untracked 
|  77|0x0000000427800000, 0x0000000427800000, 0x0000000428000000|  0%| F|  |TAMS 0x0000000427800000| PB 0x0000000427800000| Untracked 
|  78|0x0000000428000000, 0x0000000428000000, 0x0000000428800000|  0%| F|  |TAMS 0x0000000428000000| PB 0x0000000428000000| Untracked 
|  79|0x0000000428800000, 0x0000000428800000, 0x0000000429000000|  0%| F|  |TAMS 0x0000000428800000| PB 0x0000000428800000| Untracked 
|  80|0x0000000429000000, 0x0000000429000000, 0x0000000429800000|  0%| F|  |TAMS 0x0000000429000000| PB 0x0000000429000000| Untracked 
|  81|0x0000000429800000, 0x0000000429800000, 0x000000042a000000|  0%| F|  |TAMS 0x0000000429800000| PB 0x0000000429800000| Untracked 
|  82|0x000000042a000000, 0x000000042a000000, 0x000000042a800000|  0%| F|  |TAMS 0x000000042a000000| PB 0x000000042a000000| Untracked 
|  83|0x000000042a800000, 0x000000042a800000, 0x000000042b000000|  0%| F|  |TAMS 0x000000042a800000| PB 0x000000042a800000| Untracked 
|  84|0x000000042b000000, 0x000000042b000000, 0x000000042b800000|  0%| F|  |TAMS 0x000000042b000000| PB 0x000000042b000000| Untracked 
|  85|0x000000042b800000, 0x000000042b800000, 0x000000042c000000|  0%| F|  |TAMS 0x000000042b800000| PB 0x000000042b800000| Untracked 
|  86|0x000000042c000000, 0x000000042c000000, 0x000000042c800000|  0%| F|  |TAMS 0x000000042c000000| PB 0x000000042c000000| Untracked 
|  87|0x000000042c800000, 0x000000042c800000, 0x000000042d000000|  0%| F|  |TAMS 0x000000042c800000| PB 0x000000042c800000| Untracked 
|  88|0x000000042d000000, 0x000000042d000000, 0x000000042d800000|  0%| F|  |TAMS 0x000000042d000000| PB 0x000000042d000000| Untracked 
|  89|0x000000042d800000, 0x000000042d800000, 0x000000042e000000|  0%| F|  |TAMS 0x000000042d800000| PB 0x000000042d800000| Untracked 
|  90|0x000000042e000000, 0x000000042e000000, 0x000000042e800000|  0%| F|  |TAMS 0x000000042e000000| PB 0x000000042e000000| Untracked 
|  91|0x000000042e800000, 0x000000042e800000, 0x000000042f000000|  0%| F|  |TAMS 0x000000042e800000| PB 0x000000042e800000| Untracked 
|  92|0x000000042f000000, 0x000000042f000000, 0x000000042f800000|  0%| F|  |TAMS 0x000000042f000000| PB 0x000000042f000000| Untracked 
|  93|0x000000042f800000, 0x000000042f800000, 0x0000000430000000|  0%| F|  |TAMS 0x000000042f800000| PB 0x000000042f800000| Untracked 
|  94|0x0000000430000000, 0x0000000430000000, 0x0000000430800000|  0%| F|  |TAMS 0x0000000430000000| PB 0x0000000430000000| Untracked 
|  95|0x0000000430800000, 0x0000000430800000, 0x0000000431000000|  0%| F|  |TAMS 0x0000000430800000| PB 0x0000000430800000| Untracked 
|  96|0x0000000431000000, 0x0000000431000000, 0x0000000431800000|  0%| F|  |TAMS 0x0000000431000000| PB 0x0000000431000000| Untracked 
|  97|0x0000000431800000, 0x0000000431800000, 0x0000000432000000|  0%| F|  |TAMS 0x0000000431800000| PB 0x0000000431800000| Untracked 
|  98|0x0000000432000000, 0x0000000432000000, 0x0000000432800000|  0%| F|  |TAMS 0x0000000432000000| PB 0x0000000432000000| Untracked 
|  99|0x0000000432800000, 0x0000000432800000, 0x0000000433000000|  0%| F|  |TAMS 0x0000000432800000| PB 0x0000000432800000| Untracked 
| 100|0x0000000433000000, 0x0000000433000000, 0x0000000433800000|  0%| F|  |TAMS 0x0000000433000000| PB 0x0000000433000000| Untracked 
| 101|0x0000000433800000, 0x0000000433800000, 0x0000000434000000|  0%| F|  |TAMS 0x0000000433800000| PB 0x0000000433800000| Untracked 
| 102|0x0000000434000000, 0x0000000434000000, 0x0000000434800000|  0%| F|  |TAMS 0x0000000434000000| PB 0x0000000434000000| Untracked 
| 103|0x0000000434800000, 0x0000000434800000, 0x0000000435000000|  0%| F|  |TAMS 0x0000000434800000| PB 0x0000000434800000| Untracked 
| 104|0x0000000435000000, 0x0000000435000000, 0x0000000435800000|  0%| F|  |TAMS 0x0000000435000000| PB 0x0000000435000000| Untracked 
| 105|0x0000000435800000, 0x0000000435800000, 0x0000000436000000|  0%| F|  |TAMS 0x0000000435800000| PB 0x0000000435800000| Untracked 
| 106|0x0000000436000000, 0x0000000436000000, 0x0000000436800000|  0%| F|  |TAMS 0x0000000436000000| PB 0x0000000436000000| Untracked 
| 107|0x0000000436800000, 0x0000000436800000, 0x0000000437000000|  0%| F|  |TAMS 0x0000000436800000| PB 0x0000000436800000| Untracked 
| 108|0x0000000437000000, 0x0000000437000000, 0x0000000437800000|  0%| F|  |TAMS 0x0000000437000000| PB 0x0000000437000000| Untracked 
| 109|0x0000000437800000, 0x0000000437800000, 0x0000000438000000|  0%| F|  |TAMS 0x0000000437800000| PB 0x0000000437800000| Untracked 
| 110|0x0000000438000000, 0x0000000438000000, 0x0000000438800000|  0%| F|  |TAMS 0x0000000438000000| PB 0x0000000438000000| Untracked 
| 111|0x0000000438800000, 0x0000000438800000, 0x0000000439000000|  0%| F|  |TAMS 0x0000000438800000| PB 0x0000000438800000| Untracked 
| 112|0x0000000439000000, 0x0000000439000000, 0x0000000439800000|  0%| F|  |TAMS 0x0000000439000000| PB 0x0000000439000000| Untracked 
| 113|0x0000000439800000, 0x0000000439800000, 0x000000043a000000|  0%| F|  |TAMS 0x0000000439800000| PB 0x0000000439800000| Untracked 
| 114|0x000000043a000000, 0x000000043a000000, 0x000000043a800000|  0%| F|  |TAMS 0x000000043a000000| PB 0x000000043a000000| Untracked 
| 115|0x000000043a800000, 0x000000043a800000, 0x000000043b000000|  0%| F|  |TAMS 0x000000043a800000| PB 0x000000043a800000| Untracked 
| 116|0x000000043b000000, 0x000000043b000000, 0x000000043b800000|  0%| F|  |TAMS 0x000000043b000000| PB 0x000000043b000000| Untracked 
| 117|0x000000043b800000, 0x000000043b800000, 0x000000043c000000|  0%| F|  |TAMS 0x000000043b800000| PB 0x000000043b800000| Untracked 
| 118|0x000000043c000000, 0x000000043c000000, 0x000000043c800000|  0%| F|  |TAMS 0x000000043c000000| PB 0x000000043c000000| Untracked 
| 119|0x000000043c800000, 0x000000043c800000, 0x000000043d000000|  0%| F|  |TAMS 0x000000043c800000| PB 0x000000043c800000| Untracked 
| 120|0x000000043d000000, 0x000000043d753840, 0x000000043d800000| 91%| S|CS|TAMS 0x000000043d000000| PB 0x000000043d000000| Complete 
| 121|0x000000043d800000, 0x000000043d800000, 0x000000043e000000|  0%| F|  |TAMS 0x000000043d800000| PB 0x000000043d800000| Untracked 
| 122|0x000000043e000000, 0x000000043e000000, 0x000000043e800000|  0%| F|  |TAMS 0x000000043e000000| PB 0x000000043e000000| Untracked 
| 123|0x000000043e800000, 0x000000043e800000, 0x000000043f000000|  0%| F|  |TAMS 0x000000043e800000| PB 0x000000043e800000| Untracked 
| 124|0x000000043f000000, 0x000000043f018948, 0x000000043f800000|  1%| E|  |TAMS 0x000000043f000000| PB 0x000000043f000000| Complete 
| 125|0x000000043f800000, 0x0000000440000000, 0x0000000440000000|100%| E|CS|TAMS 0x000000043f800000| PB 0x000000043f800000| Complete 
| 126|0x0000000440000000, 0x0000000440800000, 0x0000000440800000|100%| E|CS|TAMS 0x0000000440000000| PB 0x0000000440000000| Complete 
| 127|0x0000000440800000, 0x0000000441000000, 0x0000000441000000|100%| E|CS|TAMS 0x0000000440800000| PB 0x0000000440800000| Complete 

Card table byte_map: [0x000001decf230000,0x000001ded1230000] _byte_map_base: 0x000001decd228000

Marking Bits: (CMBitMap*) 0x000001dee12305b0
 Bits: [0x000001ded1230000, 0x000001dee11f0000)

Polling page: 0x000001deb8730000

Metaspace:

Usage:
  Non-class:     17.18 MB used.
      Class:      2.28 MB used.
       Both:     19.46 MB used.

Virtual space:
  Non-class space:       64.00 MB reserved,      17.31 MB ( 27%) committed,  1 nodes.
      Class space:        1.00 GB reserved,       2.44 MB ( <1%) committed,  1 nodes.
             Both:        1.06 GB reserved,      19.75 MB (  2%) committed. 

Chunk freelists:
   Non-Class:  14.56 MB
       Class:  13.56 MB
        Both:  28.12 MB

MaxMetaspaceSize: unlimited
CompressedClassSpaceSize: 1.00 GB
Initial GC threshold: 21.00 MB
Current GC threshold: 21.00 MB
CDS: off
 - commit_granule_bytes: 65536.
 - commit_granule_words: 8192.
 - virtual_space_node_default_size: 8388608.
 - enlarge_chunks_in_place: 1.
 - use_allocation_guard: 0.


Internal statistics:

num_allocs_failed_limit: 0.
num_arena_births: 290.
num_arena_deaths: 0.
num_vsnodes_births: 2.
num_vsnodes_deaths: 0.
num_space_committed: 316.
num_space_uncommitted: 0.
num_chunks_returned_to_freelist: 0.
num_chunks_taken_from_freelist: 640.
num_chunk_merges: 0.
num_chunk_splits: 400.
num_chunks_enlarged: 272.
num_inconsistent_stats: 0.

CodeHeap 'non-profiled nmethods': size=119168Kb used=1259Kb max_used=1259Kb free=117908Kb
 bounds [0x000001dec5540000, 0x000001dec57b0000, 0x000001decc9a0000]
CodeHeap 'profiled nmethods': size=119104Kb used=4726Kb max_used=4726Kb free=114377Kb
 bounds [0x000001debd9a0000, 0x000001debde40000, 0x000001dec4df0000]
CodeHeap 'non-nmethods': size=7488Kb used=1333Kb max_used=3026Kb free=6154Kb
 bounds [0x000001dec4df0000, 0x000001dec50f0000, 0x000001dec5540000]
CodeCache: size=245760Kb, used=7318Kb, max_used=9011Kb, free=238439Kb
 total_blobs=3008, nmethods=2497, adapters=415, full_count=0
Compilation: enabled, stopped_count=0, restarted_count=0

Compilation events (20 events):
Event: 529.373 Thread 0x000001dee4342890 nmethod 2488 0x000001debde3c990 code [0x000001debde3cb80, 0x000001debde3d0a8]
Event: 529.373 Thread 0x000001dee4342890 2489       3       org.gradle.launcher.daemon.protocol.DaemonMessageSerializer$OutputMessageSerializer::read (21 bytes)
Event: 529.373 Thread 0x000001dee4342890 nmethod 2489 0x000001debde3d290 code [0x000001debde3d460, 0x000001debde3d910]
Event: 537.595 Thread 0x000001dee433e690 2490       4       java.util.concurrent.locks.ReentrantLock$NonfairSync::tryAcquire (27 bytes)
Event: 537.596 Thread 0x000001dee433e690 nmethod 2490 0x000001dec5678490 code [0x000001dec5678620, 0x000001dec56787d0]
Event: 538.995 Thread 0x000001dee433e690 2491       4       java.util.concurrent.locks.AbstractQueuedSynchronizer$Node::clearStatus (12 bytes)
Event: 538.995 Thread 0x000001dee433e690 nmethod 2491 0x000001dec5678890 code [0x000001dec5678a20, 0x000001dec5678ab0]
Event: 539.089 Thread 0x000001dee433e690 2492   !   4       java.util.concurrent.locks.AbstractQueuedSynchronizer::tryInitializeHead (66 bytes)
Event: 539.089 Thread 0x000001dee433e690 nmethod 2492 0x000001dec5678b90 code [0x000001dec5678d20, 0x000001dec5678dd0]
Event: 539.199 Thread 0x000001dee433e690 2493   !   4       java.util.concurrent.locks.AbstractQueuedSynchronizer::acquire (424 bytes)
Event: 539.201 Thread 0x000001dee433e690 nmethod 2493 0x000001dec5678e90 code [0x000001dec5679040, 0x000001dec5679318]
Event: 539.201 Thread 0x000001dee433e690 2494   !   4       java.util.concurrent.locks.AbstractQueuedSynchronizer$ConditionObject::newConditionNode (78 bytes)
Event: 539.202 Thread 0x000001dee433e690 nmethod 2494 0x000001dec5679590 code [0x000001dec5679760, 0x000001dec56799d8]
Event: 539.294 Thread 0x000001dee433e690 2495       4       java.util.concurrent.ThreadPoolExecutor$Worker::unlock (7 bytes)
Event: 539.295 Thread 0x000001dee433e690 nmethod 2495 0x000001dec5679c10 code [0x000001dec5679dc0, 0x000001dec5679f40]
Event: 539.402 Thread 0x000001dee433e690 2496   !   4       java.util.concurrent.locks.AbstractQueuedSynchronizer::reacquire (64 bytes)
Event: 539.403 Thread 0x000001dee433e690 nmethod 2496 0x000001dec567a090 code [0x000001dec567a240, 0x000001dec567a430]
Event: 539.589 Thread 0x000001dee433e690 2497       4       org.gradle.internal.time.MonotonicClock::getCurrentTime (70 bytes)
Event: 539.591 Thread 0x000001dee433e690 nmethod 2497 0x000001dec567a590 code [0x000001dec567a780, 0x000001dec567ab58]
Event: 539.697 Thread 0x000001dee433e690 2498   !   4       java.util.concurrent.ThreadPoolExecutor::getTask (177 bytes)

GC Heap History (4 events):
Event: 1.397 GC heap before
{Heap before GC invocations=0 (full 0):
 garbage-first heap   total 1048576K, used 49152K [0x0000000401000000, 0x0000000800000000)
  region size 8192K, 6 young (49152K), 0 survivors (0K)
 Metaspace       used 9097K, committed 9344K, reserved 1114112K
  class space    used 826K, committed 960K, reserved 1048576K
}
Event: 1.444 GC heap after
{Heap after GC invocations=1 (full 0):
 garbage-first heap   total 1048576K, used 4941K [0x0000000401000000, 0x0000000800000000)
  region size 8192K, 1 young (8192K), 1 survivors (8192K)
 Metaspace       used 9097K, committed 9344K, reserved 1114112K
  class space    used 826K, committed 960K, reserved 1048576K
}
Event: 3.426 GC heap before
{Heap before GC invocations=1 (full 0):
 garbage-first heap   total 1048576K, used 54093K [0x0000000401000000, 0x0000000800000000)
  region size 8192K, 7 young (57344K), 1 survivors (8192K)
 Metaspace       used 17233K, committed 17472K, reserved 1114112K
  class space    used 2054K, committed 2176K, reserved 1048576K
}
Event: 3.429 GC heap after
{Heap after GC invocations=2 (full 0):
 garbage-first heap   total 1048576K, used 11962K [0x0000000401000000, 0x0000000800000000)
  region size 8192K, 1 young (8192K), 1 survivors (8192K)
 Metaspace       used 17233K, committed 17472K, reserved 1114112K
  class space    used 2054K, committed 2176K, reserved 1048576K
}

Dll operation events (3 events):
Event: 0.029 Loaded shared library C:\Program Files\Android\Android Studio\jbr\bin\java.dll
Event: 0.056 Loaded shared library C:\Program Files\Android\Android Studio\jbr\bin\zip.dll
Event: 0.248 Loaded shared library C:\Program Files\Android\Android Studio\jbr\bin\verify.dll

Deoptimization events (20 events):
Event: 12.984 Thread 0x000001deba8455b0 Uncommon trap: trap_request=0xffffffde fr.pc=0x000001dec56530d8 relative=0x00000000000002f8
Event: 12.984 Thread 0x000001deba8455b0 Uncommon trap: reason=class_check action=maybe_recompile pc=0x000001dec56530d8 method=java.util.regex.Pattern$BmpCharPropertyGreedy.match(Ljava/util/regex/Matcher;ILjava/lang/CharSequence;)Z @ 26 c2
Event: 12.984 Thread 0x000001deba8455b0 DEOPT PACKING pc=0x000001dec56530d8 sp=0x000000093e9fc620
Event: 12.984 Thread 0x000001deba8455b0 DEOPT UNPACKING pc=0x000001dec4e44422 sp=0x000000093e9fc5b8 mode 2
Event: 12.984 Thread 0x000001deba8455b0 Uncommon trap: trap_request=0xffffffde fr.pc=0x000001dec56530d8 relative=0x00000000000002f8
Event: 12.984 Thread 0x000001deba8455b0 Uncommon trap: reason=class_check action=maybe_recompile pc=0x000001dec56530d8 method=java.util.regex.Pattern$BmpCharPropertyGreedy.match(Ljava/util/regex/Matcher;ILjava/lang/CharSequence;)Z @ 26 c2
Event: 12.984 Thread 0x000001deba8455b0 DEOPT PACKING pc=0x000001dec56530d8 sp=0x000000093e9fc930
Event: 12.984 Thread 0x000001deba8455b0 DEOPT UNPACKING pc=0x000001dec4e44422 sp=0x000000093e9fc8e8 mode 2
Event: 12.984 Thread 0x000001deba8455b0 Uncommon trap: trap_request=0xffffffde fr.pc=0x000001dec56530d8 relative=0x00000000000002f8
Event: 12.984 Thread 0x000001deba8455b0 Uncommon trap: reason=class_check action=maybe_recompile pc=0x000001dec56530d8 method=java.util.regex.Pattern$BmpCharPropertyGreedy.match(Ljava/util/regex/Matcher;ILjava/lang/CharSequence;)Z @ 26 c2
Event: 12.984 Thread 0x000001deba8455b0 DEOPT PACKING pc=0x000001dec56530d8 sp=0x000000093e9fc620
Event: 12.984 Thread 0x000001deba8455b0 DEOPT UNPACKING pc=0x000001dec4e44422 sp=0x000000093e9fc5b8 mode 2
Event: 12.991 Thread 0x000001deba8455b0 Uncommon trap: trap_request=0xffffff45 fr.pc=0x000001dec564e490 relative=0x00000000000002d0
Event: 12.991 Thread 0x000001deba8455b0 Uncommon trap: reason=unstable_if action=reinterpret pc=0x000001dec564e490 method=jdk.internal.misc.Unsafe.copyMemory(Ljava/lang/Object;JLjava/lang/Object;JJ)V @ 16 c2
Event: 12.991 Thread 0x000001deba8455b0 DEOPT PACKING pc=0x000001dec564e490 sp=0x000000093e9fdc60
Event: 12.991 Thread 0x000001deba8455b0 DEOPT UNPACKING pc=0x000001dec4e44422 sp=0x000000093e9fdaf0 mode 2
Event: 145.065 Thread 0x000001dee9558640 Uncommon trap: trap_request=0xffffff45 fr.pc=0x000001dec5667318 relative=0x0000000000000078
Event: 145.065 Thread 0x000001dee9558640 Uncommon trap: reason=unstable_if action=reinterpret pc=0x000001dec5667318 method=org.gradle.internal.logging.text.AbstractLineChoppingStyledTextOutput$StateContext.hasChar()Z @ 16 c2
Event: 145.065 Thread 0x000001dee9558640 DEOPT PACKING pc=0x000001dec5667318 sp=0x000000093fefea40
Event: 145.065 Thread 0x000001dee9558640 DEOPT UNPACKING pc=0x000001dec4e44422 sp=0x000000093fefe9d8 mode 2

Classes loaded (20 events):
Event: 144.909 Loading class java/io/ObjectInputStream$BlockDataInputStream
Event: 144.910 Loading class java/io/ObjectInputStream$BlockDataInputStream done
Event: 144.910 Loading class java/io/ObjectInputStream$PeekInputStream
Event: 144.910 Loading class java/io/ObjectInputStream$PeekInputStream done
Event: 144.910 Loading class java/io/ObjectInputStream$HandleTable
Event: 144.910 Loading class java/io/ObjectInputStream$HandleTable done
Event: 144.910 Loading class java/io/ObjectInputStream$HandleTable$HandleList
Event: 144.910 Loading class java/io/ObjectInputStream$HandleTable$HandleList done
Event: 144.910 Loading class java/io/ObjectInputStream$ValidationList
Event: 144.910 Loading class java/io/ObjectInputStream$ValidationList done
Event: 144.910 Loading class java/io/ObjectInputFilter$Config
Event: 144.910 Loading class java/io/ObjectInputFilter$Config done
Event: 144.910 Loading class java/io/ObjectInputFilter
Event: 144.910 Loading class java/io/ObjectInputFilter done
Event: 144.911 Loading class java/io/ObjectInputFilter$Config$BuiltinFilterFactory
Event: 144.911 Loading class java/io/ObjectInputFilter$Config$BuiltinFilterFactory done
Event: 144.911 Loading class jdk/internal/access/JavaObjectInputFilterAccess
Event: 144.911 Loading class jdk/internal/access/JavaObjectInputFilterAccess done
Event: 249.278 Loading class java/lang/invoke/MethodHandle$1
Event: 249.278 Loading class java/lang/invoke/MethodHandle$1 done

Classes unloaded (0 events):
No events

Classes redefined (0 events):
No events

Internal exceptions (20 events):
Event: 2.916 Thread 0x000001deba8455b0 Exception <a 'java/lang/NoSuchMethodError'{0x000000043f3cc9c8}: 'java.lang.Object java.lang.invoke.DirectMethodHandle$Holder.invokeStatic(java.lang.Object, java.lang.Object, java.lang.Object, java.lang.Object, java.lang.Object, java.lang.Object, java.lang.Object, java.lang.Object, java.lang.Object, java.lang.Object, java.lang.Object, java.lang.Object, java.lang.Object, java.lang.Object, java.lang.Object, java.lang.Object, java.lang.Object, java.lang.Object, java.lang.Object, java.lang.Object, java.lang.Obj
Event: 2.918 Thread 0x000001deba8455b0 Exception <a 'java/lang/NoSuchMethodError'{0x000000043f3f8080}: 'java.lang.Object java.lang.invoke.DirectMethodHandle$Holder.invokeStatic(java.lang.Object, java.lang.Object, java.lang.Object, java.lang.Object, java.lang.Object, java.lang.Object, java.lang.Object, java.lang.Object, java.lang.Object, java.lang.Object, java.lang.Object, java.lang.Object, java.lang.Object, java.lang.Object, java.lang.Object, java.lang.Object, java.lang.Object, java.lang.Object, java.lang.Object, java.lang.Object, java.lang.Obj
Event: 2.920 Thread 0x000001deba8455b0 Exception <a 'java/lang/NoSuchMethodError'{0x000000043f424510}: 'java.lang.Object java.lang.invoke.DirectMethodHandle$Holder.invokeStatic(java.lang.Object, java.lang.Object, java.lang.Object, java.lang.Object, java.lang.Object, java.lang.Object, java.lang.Object, java.lang.Object, java.lang.Object, java.lang.Object, java.lang.Object, java.lang.Object, java.lang.Object, java.lang.Object, java.lang.Object, java.lang.Object, java.lang.Object, java.lang.Object, java.lang.Object, java.lang.Object, java.lang.Obj
Event: 2.921 Thread 0x000001deba8455b0 Exception <a 'java/lang/NoSuchMethodError'{0x000000043f451340}: 'java.lang.Object java.lang.invoke.DirectMethodHandle$Holder.invokeStatic(java.lang.Object, java.lang.Object, java.lang.Object, java.lang.Object, java.lang.Object, java.lang.Object, java.lang.Object, java.lang.Object, java.lang.Object, java.lang.Object, java.lang.Object, java.lang.Object, java.lang.Object, java.lang.Object, java.lang.Object, java.lang.Object, java.lang.Object, java.lang.Object, java.lang.Object, java.lang.Object, java.lang.Obj
Event: 2.922 Thread 0x000001deba8455b0 Exception <a 'java/lang/NoSuchMethodError'{0x000000043f480968}: 'java.lang.Object java.lang.invoke.DirectMethodHandle$Holder.invokeStatic(java.lang.Object, java.lang.Object, java.lang.Object, java.lang.Object, java.lang.Object, java.lang.Object, java.lang.Object, java.lang.Object, java.lang.Object, java.lang.Object, java.lang.Object, java.lang.Object, java.lang.Object, java.lang.Object, java.lang.Object, java.lang.Object, java.lang.Object, java.lang.Object, java.lang.Object, java.lang.Object, java.lang.Obj
Event: 2.925 Thread 0x000001deba8455b0 Exception <a 'java/lang/NoSuchMethodError'{0x000000043f4a52a8}: 'java.lang.Object java.lang.invoke.DirectMethodHandle$Holder.invokeSpecial(java.lang.Object, java.lang.Object, java.lang.Object, java.lang.Object, java.lang.Object, java.lang.Object, java.lang.Object, java.lang.Object, java.lang.Object, java.lang.Object, java.lang.Object, java.lang.Object, java.lang.Object, java.lang.Object, java.lang.Object, java.lang.Object, java.lang.Object, java.lang.Object, java.lang.Object, java.lang.Object, java.lang.Ob
Event: 2.926 Thread 0x000001deba8455b0 Exception <a 'java/lang/NoSuchMethodError'{0x000000043f4bad40}: 'java.lang.Object java.lang.invoke.DirectMethodHandle$Holder.newInvokeSpecial(java.lang.Object, java.lang.Object, java.lang.Object, java.lang.Object, java.lang.Object, java.lang.Object, java.lang.Object, java.lang.Object, java.lang.Object, java.lang.Object, java.lang.Object, java.lang.Object, java.lang.Object, java.lang.Object, java.lang.Object, java.lang.Object, java.lang.Object, java.lang.Object, java.lang.Object, java.lang.Object, java.lang
Event: 2.926 Thread 0x000001deba8455b0 Exception <a 'java/lang/NoSuchMethodError'{0x000000043f4c0ef8}: 'java.lang.Object java.lang.invoke.Invokers$Holder.linkToTargetMethod(java.lang.Object, java.lang.Object, java.lang.Object, java.lang.Object, java.lang.Object, java.lang.Object, java.lang.Object, java.lang.Object, java.lang.Object, java.lang.Object, java.lang.Object, java.lang.Object, java.lang.Object, java.lang.Object, java.lang.Object, java.lang.Object, java.lang.Object, java.lang.Object, java.lang.Object, java.lang.Object, java.lang.Object,
Event: 2.927 Thread 0x000001deba8455b0 Exception <a 'java/lang/NoSuchMethodError'{0x000000043f4c6268}: 'java.lang.Object java.lang.invoke.DirectMethodHandle$Holder.invokeVirtual(java.lang.Object, java.lang.Object, java.lang.Object, java.lang.Object, java.lang.Object, java.lang.Object, java.lang.Object, java.lang.Object, java.lang.Object, java.lang.Object)'> (0x000000043f4c6268) 
thrown [s\src\hotspot\share\interpreter\linkResolver.cpp, line 784]
Event: 2.950 Thread 0x000001deba8455b0 Exception <a 'java/lang/NoSuchMethodError'{0x000000043f5bb300}: 'java.lang.Object java.lang.invoke.DirectMethodHandle$Holder.invokeVirtual(java.lang.Object, java.lang.Object, java.lang.Object, java.lang.Object, java.lang.Object, java.lang.Object, java.lang.Object, java.lang.Object, java.lang.Object)'> (0x000000043f5bb300) 
thrown [s\src\hotspot\share\interpreter\linkResolver.cpp, line 784]
Event: 3.010 Thread 0x000001deba8455b0 Exception <a 'java/lang/NoSuchMethodError'{0x000000043f6d6748}: 'java.lang.Object java.lang.invoke.DirectMethodHandle$Holder.invokeVirtual(java.lang.Object, java.lang.Object, java.lang.Object, java.lang.Object, java.lang.Object, java.lang.Object, java.lang.Object, java.lang.Object)'> (0x000000043f6d6748) 
thrown [s\src\hotspot\share\interpreter\linkResolver.cpp, line 784]
Event: 3.093 Thread 0x000001deba8455b0 Exception <a 'java/lang/NoSuchMethodError'{0x000000043e826bc0}: 'java.lang.Object java.lang.invoke.DirectMethodHandle$Holder.invokeStaticInit(java.lang.Object, java.lang.Object, int, int, int, int)'> (0x000000043e826bc0) 
thrown [s\src\hotspot\share\interpreter\linkResolver.cpp, line 784]
Event: 3.099 Thread 0x000001deba8455b0 Exception <a 'sun/nio/fs/WindowsException'{0x000000043e84f0a0}> (0x000000043e84f0a0) 
thrown [s\src\hotspot\share\prims\jni.cpp, line 537]
Event: 3.224 Thread 0x000001deba8455b0 Exception <a 'sun/nio/fs/WindowsException'{0x000000043e9089c8}> (0x000000043e9089c8) 
thrown [s\src\hotspot\share\prims\jni.cpp, line 537]
Event: 3.234 Thread 0x000001deba8455b0 Exception <a 'sun/nio/fs/WindowsException'{0x000000043e9314f8}> (0x000000043e9314f8) 
thrown [s\src\hotspot\share\prims\jni.cpp, line 537]
Event: 3.250 Thread 0x000001deba8455b0 Exception <a 'sun/nio/fs/WindowsException'{0x000000043e9879a8}> (0x000000043e9879a8) 
thrown [s\src\hotspot\share\prims\jni.cpp, line 537]
Event: 3.675 Thread 0x000001dee9c72370 Exception <a 'java/lang/NoSuchMethodError'{0x000000043fac5e30}: 'void java.lang.invoke.DirectMethodHandle$Holder.invokeStatic(java.lang.Object, long)'> (0x000000043fac5e30) 
thrown [s\src\hotspot\share\interpreter\linkResolver.cpp, line 784]
Event: 12.845 Thread 0x000001deba8455b0 Exception <a 'sun/nio/fs/WindowsException'{0x000000043faa63c0}> (0x000000043faa63c0) 
thrown [s\src\hotspot\share\prims\jni.cpp, line 537]
Event: 12.847 Thread 0x000001deba8455b0 Exception <a 'sun/nio/fs/WindowsException'{0x000000043fca1b38}> (0x000000043fca1b38) 
thrown [s\src\hotspot\share\prims\jni.cpp, line 537]
Event: 12.847 Thread 0x000001deba8455b0 Exception <a 'sun/nio/fs/WindowsException'{0x000000043fca33e0}> (0x000000043fca33e0) 
thrown [s\src\hotspot\share\prims\jni.cpp, line 537]

ZGC Phase Switch (0 events):
No events

VM Operations (20 events):
Event: 249.074 Executing safepoint VM operation: Cleanup
Event: 249.074 Executing safepoint VM operation: Cleanup done
Event: 265.219 Executing safepoint VM operation: Cleanup
Event: 265.219 Executing safepoint VM operation: Cleanup done
Event: 300.903 Executing non-safepoint VM operation: HandshakeAllThreads (HandshakeForDeflation)
Event: 300.903 Executing non-safepoint VM operation: HandshakeAllThreads (HandshakeForDeflation) done
Event: 300.904 Executing non-safepoint VM operation: RendezvousGCThreads
Event: 300.904 Executing non-safepoint VM operation: RendezvousGCThreads done
Event: 346.400 Executing safepoint VM operation: Cleanup
Event: 346.400 Executing safepoint VM operation: Cleanup done
Event: 524.345 Executing safepoint VM operation: Cleanup
Event: 524.345 Executing safepoint VM operation: Cleanup done
Event: 526.370 Executing safepoint VM operation: Cleanup
Event: 526.370 Executing safepoint VM operation: Cleanup done
Event: 527.379 Executing safepoint VM operation: Cleanup
Event: 527.379 Executing safepoint VM operation: Cleanup done
Event: 529.404 Executing safepoint VM operation: Cleanup
Event: 529.404 Executing safepoint VM operation: Cleanup done
Event: 538.495 Executing safepoint VM operation: Cleanup
Event: 538.495 Executing safepoint VM operation: Cleanup done

Memory protections (0 events):
No events

Nmethod flushes (0 events):
No events

Events (20 events):
Event: 3.632 Thread 0x000001deba8455b0 Thread added: 0x000001dee9c72370
Event: 3.679 Thread 0x000001dee9c72370 Thread added: 0x000001dee9b8da90
Event: 3.680 Thread 0x000001dee9c72370 Thread added: 0x000001dee9b6cee0
Event: 3.703 Thread 0x000001dee9b8da90 Thread exited: 0x000001dee9b8da90
Event: 4.308 Thread 0x000001dee449cbd0 Thread exited: 0x000001dee449cbd0
Event: 7.402 Thread 0x000001dee449be30 Thread exited: 0x000001dee449be30
Event: 7.402 Thread 0x000001dee44902a0 Thread exited: 0x000001dee44902a0
Event: 7.402 Thread 0x000001dee4487be0 Thread exited: 0x000001dee4487be0
Event: 12.841 Thread 0x000001dee9c72370 Thread exited: 0x000001dee9c72370
Event: 12.841 Thread 0x000001dee9b6cee0 Thread exited: 0x000001dee9b6cee0
Event: 12.911 Thread 0x000001dee4342890 Thread added: 0x000001dee47f9100
Event: 12.911 Thread 0x000001dee4342890 Thread added: 0x000001dee47fb9e0
Event: 12.912 Thread 0x000001dee4342890 Thread added: 0x000001dee47fb310
Event: 13.894 Thread 0x000001dee47f9100 Thread exited: 0x000001dee47f9100
Event: 13.894 Thread 0x000001dee47fb9e0 Thread exited: 0x000001dee47fb9e0
Event: 16.899 Thread 0x000001dee47fb310 Thread exited: 0x000001dee47fb310
Event: 145.021 Thread 0x000001dee4342890 Thread added: 0x000001dee47f8360
Event: 145.021 Thread 0x000001dee4342890 Thread added: 0x000001dee47fa570
Event: 147.395 Thread 0x000001dee47f8360 Thread exited: 0x000001dee47f8360
Event: 147.395 Thread 0x000001dee47fa570 Thread exited: 0x000001dee47fa570


Dynamic libraries:
0x00007ff69d890000 - 0x00007ff69d89a000 	C:\Program Files\Android\Android Studio\jbr\bin\java.exe
0x00007ffc9d7c0000 - 0x00007ffc9da27000 	C:\WINDOWS\SYSTEM32\ntdll.dll
0x00007ffc9d1e0000 - 0x00007ffc9d2a9000 	C:\WINDOWS\System32\KERNEL32.DLL
0x00007ffc9abc0000 - 0x00007ffc9afb4000 	C:\WINDOWS\System32\KERNELBASE.dll
0x00007ffc9b290000 - 0x00007ffc9b3db000 	C:\WINDOWS\System32\ucrtbase.dll
0x00007ffc1b1a0000 - 0x00007ffc1b1b8000 	C:\Program Files\Android\Android Studio\jbr\bin\jli.dll
0x00007ffc9ce60000 - 0x00007ffc9d025000 	C:\WINDOWS\System32\USER32.dll
0x00007ffc9b1a0000 - 0x00007ffc9b1c7000 	C:\WINDOWS\System32\win32u.dll
0x00007ffc9bd30000 - 0x00007ffc9bd5b000 	C:\WINDOWS\System32\GDI32.dll
0x00007ffc9afc0000 - 0x00007ffc9b0ea000 	C:\WINDOWS\System32\gdi32full.dll
0x00007ffc9b0f0000 - 0x00007ffc9b193000 	C:\WINDOWS\System32\msvcp_win.dll
0x00007ffc6e0e0000 - 0x00007ffc6e0fb000 	C:\Program Files\Android\Android Studio\jbr\bin\VCRUNTIME140.dll
0x00007ffc7d450000 - 0x00007ffc7d6e3000 	C:\WINDOWS\WinSxS\amd64_microsoft.windows.common-controls_6595b64144ccf1df_6.0.26100.8115_none_3e075c82e3354f9c\COMCTL32.dll
0x00007ffc9d6d0000 - 0x00007ffc9d779000 	C:\WINDOWS\System32\msvcrt.dll
0x00007ffc9d1a0000 - 0x00007ffc9d1d2000 	C:\WINDOWS\System32\IMM32.DLL
0x00007ffc743a0000 - 0x00007ffc743ac000 	C:\Program Files\Android\Android Studio\jbr\bin\vcruntime140_1.dll
0x00007ffbf1a30000 - 0x00007ffbf1abd000 	C:\Program Files\Android\Android Studio\jbr\bin\msvcp140.dll
0x00007ffbaff90000 - 0x00007ffbb0c26000 	C:\Program Files\Android\Android Studio\jbr\bin\server\jvm.dll
0x00007ffc9c0f0000 - 0x00007ffc9c1a6000 	C:\WINDOWS\System32\ADVAPI32.dll
0x00007ffc9d560000 - 0x00007ffc9d607000 	C:\WINDOWS\System32\sechost.dll
0x00007ffc9d420000 - 0x00007ffc9d538000 	C:\WINDOWS\System32\RPCRT4.dll
0x00007ffc9d2b0000 - 0x00007ffc9d330000 	C:\WINDOWS\System32\WS2_32.dll
0x00007ffc99d40000 - 0x00007ffc99d9e000 	C:\WINDOWS\SYSTEM32\POWRPROF.dll
0x00007ffc90380000 - 0x00007ffc903b6000 	C:\WINDOWS\SYSTEM32\WINMM.dll
0x00007ffc95b20000 - 0x00007ffc95b2b000 	C:\WINDOWS\SYSTEM32\VERSION.dll
0x00007ffc99c60000 - 0x00007ffc99c74000 	C:\WINDOWS\SYSTEM32\UMPDC.dll
0x00007ffc98de0000 - 0x00007ffc98dfb000 	C:\WINDOWS\SYSTEM32\kernel.appcore.dll
0x00007ffc72c00000 - 0x00007ffc72c0a000 	C:\Program Files\Android\Android Studio\jbr\bin\jimage.dll
0x00007ffc8f8f0000 - 0x00007ffc8fb32000 	C:\WINDOWS\SYSTEM32\DBGHELP.DLL
0x00007ffc9b840000 - 0x00007ffc9bbc2000 	C:\WINDOWS\System32\combase.dll
0x00007ffc9d030000 - 0x00007ffc9d107000 	C:\WINDOWS\System32\OLEAUT32.dll
0x00007ffc82400000 - 0x00007ffc8243b000 	C:\WINDOWS\SYSTEM32\dbgcore.DLL
0x00007ffc9ab10000 - 0x00007ffc9abb5000 	C:\WINDOWS\System32\bcryptPrimitives.dll
0x00007ffc6e0c0000 - 0x00007ffc6e0e0000 	C:\Program Files\Android\Android Studio\jbr\bin\java.dll
0x00007ffc6da30000 - 0x00007ffc6da48000 	C:\Program Files\Android\Android Studio\jbr\bin\zip.dll
0x00007ffc9c6f0000 - 0x00007ffc9ce56000 	C:\WINDOWS\System32\SHELL32.dll
0x00007ffc9b3e0000 - 0x00007ffc9b54a000 	C:\WINDOWS\System32\wintypes.dll
0x00007ffc9a090000 - 0x00007ffc9a8f5000 	C:\WINDOWS\System32\windows.storage.dll
0x00007ffc9b740000 - 0x00007ffc9b837000 	C:\WINDOWS\System32\SHCORE.dll
0x00007ffc9c1f0000 - 0x00007ffc9c256000 	C:\WINDOWS\System32\shlwapi.dll
0x00007ffc99fb0000 - 0x00007ffc99fd9000 	C:\WINDOWS\SYSTEM32\profapi.dll
0x00007ffc71650000 - 0x00007ffc71660000 	C:\Program Files\Android\Android Studio\jbr\bin\net.dll
0x00007ffc95640000 - 0x00007ffc9576d000 	C:\WINDOWS\SYSTEM32\WINHTTP.dll
0x00007ffc99330000 - 0x00007ffc9939c000 	C:\WINDOWS\system32\mswsock.dll
0x00007ffc6c010000 - 0x00007ffc6c026000 	C:\Program Files\Android\Android Studio\jbr\bin\nio.dll
0x00007ffc6be90000 - 0x00007ffc6bea0000 	C:\Program Files\Android\Android Studio\jbr\bin\verify.dll
0x00007ffc6e250000 - 0x00007ffc6e259000 	C:\Program Files\Android\Android Studio\jbr\bin\management.dll
0x00007ffc6da20000 - 0x00007ffc6da2b000 	C:\Program Files\Android\Android Studio\jbr\bin\management_ext.dll
0x00007ffc9b730000 - 0x00007ffc9b738000 	C:\WINDOWS\System32\PSAPI.DLL
0x00007ffc08c30000 - 0x00007ffc08c57000 	C:\Users\USER-5\.gradle\native\1def1411415f61bf3af743bc5b6707747c0891f09f0c88961ee8f79bc544acac\windows-amd64\native-platform.dll
0x00007ffc986e0000 - 0x00007ffc98712000 	C:\WINDOWS\SYSTEM32\IPHLPAPI.DLL
0x00007ffc9d550000 - 0x00007ffc9d55a000 	C:\WINDOWS\System32\NSI.dll
0x00007ffc6e4b0000 - 0x00007ffc6e4b9000 	C:\Program Files\Android\Android Studio\jbr\bin\extnet.dll
0x00007ffc99730000 - 0x00007ffc9974b000 	C:\WINDOWS\SYSTEM32\CRYPTSP.dll
0x00007ffc98d40000 - 0x00007ffc98d79000 	C:\WINDOWS\system32\rsaenh.dll
0x00007ffc993e0000 - 0x00007ffc99413000 	C:\WINDOWS\SYSTEM32\USERENV.dll
0x00007ffc99f80000 - 0x00007ffc99faa000 	C:\WINDOWS\SYSTEM32\bcrypt.dll
0x00007ffc99590000 - 0x00007ffc9959c000 	C:\WINDOWS\SYSTEM32\CRYPTBASE.dll
0x00007ffc57d30000 - 0x00007ffc57d38000 	C:\WINDOWS\system32\wshunix.dll

JVMTI agents: none

dbghelp: loaded successfully - version: 4.0.5 - missing functions: none
symbol engine: initialized successfully - sym options: 0x614 - pdb path: .;C:\Program Files\Android\Android Studio\jbr\bin;C:\WINDOWS\SYSTEM32;C:\WINDOWS\WinSxS\amd64_microsoft.windows.common-controls_6595b64144ccf1df_6.0.26100.8115_none_3e075c82e3354f9c;C:\Program Files\Android\Android Studio\jbr\bin\server;C:\Users\USER-5\.gradle\native\1def1411415f61bf3af743bc5b6707747c0891f09f0c88961ee8f79bc544acac\windows-amd64

VM Arguments:
jvm_args: -Dorg.gradle.appname=gradlew 
java_command: org.gradle.wrapper.GradleWrapperMain -q -PskipDependencyChecks=true -Ptarget-platform=android-x64 -Ptarget=C:\Users\USER-5\AppData\Local\Temp\flutter_tools.11a60b1d\flutter_test_listener.74c1f559/listener.dart -Pbase-application-name=android.app.Application -Pdart-defines=RkxVVFRFUl9WRVJTSU9OPTMuMzguNA==,RkxVVFRFUl9DSEFOTkVMPXN0YWJsZQ==,RkxVVFRFUl9HSVRfVVJMPWh0dHBzOi8vZ2l0aHViLmNvbS9mbHV0dGVyL2ZsdXR0ZXIuZ2l0,RkxVVFRFUl9GUkFNRVdPUktfUkVWSVNJT049NjZkZDkzZjlhMg==,RkxVVFRFUl9FTkdJTkVfUkVWSVNJT049YTVjYjk2MzY5ZQ==,RkxVVFRFUl9EQVJUX1ZFUlNJT049My4xMC4z,SU5URUdSQVRJT05fVEVTVF9TSE9VTERfUkVQT1JUX1JFU1VMVFNfVE9fTkFUSVZFPWZhbHNl -Pdart-obfuscation=false -Ptrack-widget-creation=true -Ptree-shake-icons=false assembleDebug
java_class_path (initial): D:\mg-games\repos\mg-game-0023\game\android\\gradle\wrapper\gradle-wrapper.jar
Launcher Type: SUN_STANDARD

[Global flags]
     intx CICompilerCount                          = 12                                        {product} {ergonomic}
     uint ConcGCThreads                            = 3                                         {product} {ergonomic}
     uint G1ConcRefinementThreads                  = 13                                        {product} {ergonomic}
   size_t G1HeapRegionSize                         = 8388608                                   {product} {ergonomic}
    uintx GCDrainStackTargetSize                   = 64                                        {product} {ergonomic}
   size_t InitialHeapSize                          = 1073741824                                {product} {ergonomic}
   size_t MarkStackSize                            = 4194304                                   {product} {ergonomic}
   size_t MaxHeapSize                              = 17163091968                               {product} {ergonomic}
   size_t MaxNewSize                               = 10292822016                               {product} {ergonomic}
   size_t MinHeapDeltaBytes                        = 8388608                                   {product} {ergonomic}
   size_t MinHeapSize                              = 8388608                                   {product} {ergonomic}
    uintx NonNMethodCodeHeapSize                   = 7602480                                {pd product} {ergonomic}
    uintx NonProfiledCodeHeapSize                  = 122027880                              {pd product} {ergonomic}
    uintx ProfiledCodeHeapSize                     = 122027880                              {pd product} {ergonomic}
    uintx ReservedCodeCacheSize                    = 251658240                              {pd product} {ergonomic}
     bool SegmentedCodeCache                       = true                                      {product} {ergonomic}
   size_t SoftMaxHeapSize                          = 17163091968                            {manageable} {ergonomic}
     bool UseCompressedOops                        = true                           {product lp64_product} {ergonomic}
     bool UseG1GC                                  = true                                      {product} {ergonomic}
     bool UseLargePagesIndividualAllocation        = false                                  {pd product} {ergonomic}

Logging:
Log output configuration:
 #0: stdout all=warning uptime,level,tags foldmultilines=false
 #1: stderr all=off uptime,level,tags foldmultilines=false

Release file:
JAVA_VERSION="21.0.10" 
MODULES="java.base java.compiler java.datatransfer java.xml java.prefs java.desktop java.instrument java.logging java.management java.security.sasl java.naming java.rmi java.management.rmi java.net.http java.scripting java.security.jgss java.transaction.xa java.sql java.sql.rowset java.xml.crypto java.se java.smartcardio jdk.accessibility jdk.internal.jvmstat jdk.attach jdk.charsets jdk.internal.opt jdk.zipfs jdk.compiler jdk.crypto.ec jdk.crypto.cryptoki jdk.dynalink jdk.hotspot.agent jdk.httpserver jdk.internal.ed jdk.internal.le jdk.internal.vm.ci jdk.jartool jdk.javadoc jdk.jcmd jdk.jdeps jdk.jdwp.agent jdk.jdi jdk.jfr jdk.jlink jdk.jsobject jdk.localedata jdk.management jdk.management.agent jdk.management.jfr jdk.naming.dns jdk.naming.rmi jdk.net jdk.sctp jdk.security.auth jdk.security.jgss jdk.unsupported jdk.unsupported.desktop jdk.xml.dom" 
IMPLEMENTOR="JetBrains s.r.o." 
JAVA_RUNTIME_VERSION="21.0.10+-14961533-b1163.108" 
LIBC="default" 
OS_ARCH="x86_64" 
OS_NAME="Windows" 
SOURCE=".:git:1351622c2ff2" 

Environment Variables:
JAVA_HOME=C:\Program Files\Android\Android Studio\jbr
CLASSPATH=D:\mg-games\repos\mg-game-0023\game\android\\gradle\wrapper\gradle-wrapper.jar
PATH=C:\Program Files\Android\Android Studio\jbr\bin;C:\Users\USER-5\bin;C:\Program Files\Git\mingw64\bin;C:\Program Files\Git\usr\local\bin;C:\Program Files\Git\usr\bin;C:\Program Files\Git\usr\bin;C:\Program Files\Git\mingw64\bin;C:\Program Files\Git\usr\bin;C:\Users\USER-5\bin;C:\ProgramData\miniconda3;C:\ProgramData\miniconda3\Library\mingw-w64\bin;C:\ProgramData\miniconda3\Library\usr\bin;C:\ProgramData\miniconda3\Library\bin;C:\ProgramData\miniconda3\Scripts;C:\ProgramData\miniconda3\bin;C:\ProgramData\miniconda3\condabin;C:\Program Files\Microsoft\jdk-17.0.13.11-hotspot\bin;C:\Python313\Scripts;C:\Python313;C:\WINDOWS\system32;C:\WINDOWS;C:\WINDOWS\System32\Wbem;C:\WINDOWS\System32\WindowsPowerShell\v1.0;C:\WINDOWS\System32\OpenSSH;C:\Program Files\Git\cmd;C:\Program Files\TortoiseGit\bin;C:\Program Files\dotnet;C:\Program Files\Bandizip;C:\Users\USER-5\AppData\Local\Programs\cursor\resources\app\bin;C:\ProgramData\miniconda3\Scripts;C:\ProgramData\miniconda3;C:\Users\USER-5\AppData\Local\Muse Hub\lib;C:\Program Files\NVIDIA Corporation\NVIDIA App\NvDLISR;C:\Program Files (x86)\NVIDIA Corporation\PhysX\Common;C:\Program Files\nodejs;C:\ProgramData\chocolatey\bin;C:\Program Files\GitHub CLI;C:\Users\USER-5\develop\flutter\bin;C:\Users\USER-5\AppData\Local\Pub\Cache\bin;C:\Program Files\Spine;C:\Program Files\Blender Foundation\Blender 5.0;C:\Program Files\Amazon\AWSCLIV2;D:\terraform_1.14.3_windows_386;C:\Users\USER-5\AppData\Roaming\npm;.;C:\Program Files\Rancher Desktop\resources\resources\win32\bin;C:\Program Files\Rancher Desktop\resources\resources\win32\docker-cli-plugins;C:\Program Files\Rancher Desktop\resources\resources\linux\bin;C:\Program Files\Rancher Desktop\resources\resources\linux\docker-cli-plugins;C:\Program Files\Microsoft\jdk-17.0.13.11-hotspot\bin;C:\Python313\Scripts;C:\Python313;C:\WINDOWS\system32;C:\WINDOWS;C:\WINDOWS\System32\Wbem;C:\WINDOWS\System32\WindowsPowerShell\v1.0;C:\WINDOWS\System32\OpenSSH;C:\Program Files\Git\cmd;C:\Program Files\TortoiseGit\bin;C:\Program Files\dotnet;C:\Program Files\Bandizip;C:\Users\USER-5\AppData\Local\Programs\cursor\resources\app\bin;C:\ProgramData\miniconda3\Scripts;C:\ProgramData\miniconda3;C:\Users\USER-5\AppData\Local\Muse Hub\lib;C:\Program Files\NVIDIA Corporation\NVIDIA App\NvDLISR;C:\Program Files (x86)\NVIDIA Corporation\PhysX\Common;C:\Program Files\nodejs;C:\ProgramData\chocolatey\bin;C:\Program Files\GitHub CLI;C:\Users\USER-5\develop\flutter\bin;C:\Users\USER-5\AppData\Local\Pub\Cache\bin;C:\Program Files\Spine;C:\Program Files\Blender Foundation\Blender 5.0;C:\Program Files\Amazon\AWSCLIV2;D:\terraform_1.14.3_windows_386;C:\Users\USER-5\AppData\Roaming\npm;.;C:\Program Files\Rancher Desktop\resources\resources\win32\bin;C:\Program Files\Rancher Desktop\resources\resources\win32\docker-cli-plugins;C:\Program Files\Rancher Desktop\resources\resources\linux\bin;C:\Program Files\Rancher Desktop\resources\resources\linux\docker-cli-plugins;C:\Users\USER-5\.bun\bin;C:\Users\USER-5\AppData\Local\Muse Hub\lib;C:\Users\USER-5\AppData\Local\Programs\Microsoft VS Code\bin;C:\Users\USER-5\AppData\Local\GitHubDesktop\bin;C:\Users\USER-5\AppData\Local\Programs\Antigravity\bin;C:\Program Files\Git\usr\bin\vendor_perl;C:\Program Files\Git\usr\bin\core_perl
USERNAME=USER-5
SHELL=C:\Program Files\Git\usr\bin\bash.exe
TERM=xterm-256color
OS=MINGW64_NT-10.0-26200
PROCESSOR_IDENTIFIER=AMD64 Family 25 Model 33 Stepping 2, AuthenticAMD
TMP=C:\Users\USER-5\AppData\Local\Temp
TEMP=C:\Users\USER-5\AppData\Local\Temp




Periodic native trim disabled

JNI global refs:
JNI global refs: 28, weak refs: 0

JNI global refs memory usage: 835, weak refs: 833

Process memory usage:
Resident Set Size: 144948K (0% of 67017964K total physical memory with 4730432K free physical memory)

OOME stack traces (most recent first):
Classloader memory used:
Loader bootstrap                                                                       : 14361K
Loader org.gradle.internal.classloader.VisitableURLClassLoader                         : 5039K
Loader java.net.URLClassLoader                                                         : 234K
Loader jdk.internal.loader.ClassLoaders$AppClassLoader                                 : 147K
Loader jdk.internal.loader.ClassLoaders$PlatformClassLoader                            : 146K

Classes loaded by more than one classloader:
Class org.gradle.internal.classloader.ClassLoaderHierarchy                            : loaded 2 times (x 70B)
Class org.gradle.cli.AbstractPropertiesCommandLineConverter                           : loaded 2 times (x 83B)
Class org.gradle.api.internal.classpath.ManifestUtil                                  : loaded 2 times (x 71B)
Class org.gradle.cli.CommandLineParser                                                : loaded 2 times (x 79B)
Class org.gradle.internal.classloader.ClassLoaderVisitor                              : loaded 2 times (x 76B)
Class org.gradle.api.internal.classpath.EffectiveClassPath                            : loaded 2 times (x 90B)
Class org.gradle.internal.service.UnknownServiceException                             : loaded 2 times (x 83B)
Class org.gradle.cli.SystemPropertiesCommandLineConverter                             : loaded 2 times (x 83B)
Class org.gradle.cli.CommandLineArgumentException                                     : loaded 2 times (x 82B)
Class org.gradle.cli.CommandLineParser$KnownOptionParserState                         : loaded 2 times (x 76B)
Class org.gradle.internal.InternalTransformer                                         : loaded 2 times (x 70B)
Class org.gradle.internal.classloader.ClasspathUtil$1                                 : loaded 2 times (x 76B)
Class org.gradle.api.internal.classpath.DefaultModuleRegistry$DefaultModule           : loaded 2 times (x 86B)
Class org.gradle.api.internal.classpath.Module                                        : loaded 2 times (x 70B)
Class org.gradle.api.internal.classpath.UnknownModuleException                        : loaded 2 times (x 82B)
Class org.gradle.internal.classpath.DefaultClassPath$ImmutableUniqueList              : loaded 2 times (x 199B)
Class org.gradle.cli.CommandLineParser$OptionAwareParserState                         : loaded 2 times (x 77B)
Class org.gradle.cli.ParsedCommandLine                                                : loaded 2 times (x 80B)
Class org.gradle.internal.classpath.ClassPath                                         : loaded 2 times (x 70B)
Class org.gradle.cli.CommandLineParser$UnknownOptionParserState                       : loaded 2 times (x 76B)
Class org.gradle.cli.ParsedCommandLineOption                                          : loaded 2 times (x 76B)
Class org.gradle.api.UncheckedIOException                                             : loaded 2 times (x 82B)
Class org.gradle.cli.CommandLineParser$AfterFirstSubCommand                           : loaded 2 times (x 77B)
Class org.gradle.api.internal.classpath.ModuleRegistry                                : loaded 2 times (x 70B)
Class org.gradle.internal.installation.GradleInstallation$1                           : loaded 2 times (x 75B)
Class org.gradle.api.internal.classpath.DefaultModuleRegistry                         : loaded 2 times (x 86B)
Class org.gradle.cli.CommandLineOption                                                : loaded 2 times (x 86B)
Class org.gradle.cli.CommandLineParser$BeforeFirstSubCommand                          : loaded 2 times (x 77B)
Class org.gradle.internal.service.ServiceLookupException                              : loaded 2 times (x 82B)
Class org.gradle.cli.CommandLineParser$OptionParserState                              : loaded 2 times (x 75B)
Class org.gradle.internal.classloader.ClasspathUtil                                   : loaded 2 times (x 71B)
Class org.gradle.api.specs.Spec                                                       : loaded 2 times (x 70B)
Class org.gradle.internal.classpath.DefaultClassPath                                  : loaded 2 times (x 90B)
Class org.gradle.internal.classloader.ClassLoaderSpec                                 : loaded 2 times (x 71B)
Class org.gradle.internal.Cast                                                        : loaded 2 times (x 71B)
Class org.gradle.api.Action                                                           : loaded 2 times (x 70B)
Class org.gradle.internal.classpath.DefaultClassPath$ImmutableUniqueList$Builder      : loaded 2 times (x 75B)
Class org.gradle.cli.AbstractCommandLineConverter                                     : loaded 2 times (x 79B)
Class org.gradle.api.GradleException                                                  : loaded 2 times (x 82B)
Class org.gradle.internal.IoActions                                                   : loaded 2 times (x 71B)
Class org.gradle.internal.classloader.SystemClassLoaderSpec                           : loaded 2 times (x 71B)
Class org.gradle.cli.CommandLineConverter                                             : loaded 2 times (x 70B)
Class org.gradle.cli.CommandLineParser$MissingOptionArgState                          : loaded 2 times (x 77B)
Class org.gradle.cli.CommandLineParser$ParserState                                    : loaded 2 times (x 76B)
Class org.gradle.cli.CommandLineParser$OptionString                                   : loaded 2 times (x 73B)
Class org.gradle.api.internal.classpath.GlobalCacheRootsProvider                      : loaded 2 times (x 70B)
Class org.gradle.internal.installation.CurrentGradleInstallationLocator               : loaded 2 times (x 71B)
Class org.gradle.internal.installation.CurrentGradleInstallation                      : loaded 2 times (x 73B)
Class org.gradle.util.internal.GUtil                                                  : loaded 2 times (x 71B)
Class org.gradle.cli.CommandLineParser$AfterOptions                                   : loaded 2 times (x 77B)
Class org.gradle.internal.installation.GradleInstallation                             : loaded 2 times (x 75B)

---------------  S Y S T E M  ---------------

OS:
 Windows 11 , 64 bit Build 26100 (10.0.26100.8115)
OS uptime: 8 days 17:25 hours
Hyper-V role detected

CPU: total 16 (initial active 16) (16 cores per cpu, 2 threads per core) family 25 model 33 stepping 2 microcode 0xa20120a, cx8, cmov, fxsr, ht, mmx, 3dnowpref, sse, sse2, sse3, ssse3, sse4a, sse4.1, sse4.2, popcnt, lzcnt, tsc, tscinvbit, avx, avx2, aes, erms, clmul, bmi1, bmi2, adx, sha, fma, vzeroupper, clflush, clflushopt, hv, rdtscp, rdpid, fsrm, f16c, cet_ss
Processor Information for the first 16 processors :
  Max Mhz: 4200, Current Mhz: 4200, Mhz Limit: 4200

Memory: 4k page, system-wide physical 65447M (4619M free)
TotalPageFile size 138515M (AvailPageFile size 0M)
current process WorkingSet (physical memory assigned to process): 141M, peak: 142M
current process commit charge ("private bytes"): 1165M, peak: 1168M

vm_info: OpenJDK 64-Bit Server VM (21.0.10+-14961533-b1163.108) for windows-amd64 JRE (21.0.10+-14961533-b1163.108), built on 2026-03-02T19:58:50Z by "builder" with MS VC++ 16.10 / 16.11 (VS2019)

END.
